3.1.1. Развернуть виртуальное окружение.+
3.1.2. Вывести с помощью команды help описание основных команды shell-клиента.
[cloudera@quickstart ~]$ hdfs dfs -help
Usage: hadoop fs [generic options]
	[-appendToFile <localsrc> ... <dst>]
	[-cat [-ignoreCrc] <src> ...]
	[-checksum <src> ...]
	[-chgrp [-R] GROUP PATH...]
	[-chmod [-R] <MODE[,MODE]... | OCTALMODE> PATH...]
	[-chown [-R] [OWNER][:[GROUP]] PATH...]
	[-copyFromLocal [-f] [-p] [-l] <localsrc> ... <dst>]
	[-copyToLocal [-p] [-ignoreCrc] [-crc] <src> ... <localdst>]
	[-count [-q] [-h] [-v] [-x] <path> ...]
	[-cp [-f] [-p | -p[topax]] <src> ... <dst>]
3.1.3. Просмотреть корневую директорию HDFS.
[cloudera@quickstart ~]$ hdfs dfs -ls /
Found 6 items
drwxrwxrwx   - hdfs  supergroup          0 2017-10-23 09:15 /benchmarks
drwxr-xr-x   - hbase supergroup          0 2024-03-26 13:09 /hbase
drwxr-xr-x   - solr  solr                0 2017-10-23 09:18 /solr
drwxrwxrwt   - hdfs  supergroup          0 2024-02-17 00:28 /tmp
drwxr-xr-x   - hdfs  supergroup          0 2017-10-23 09:17 /user
drwxr-xr-x   - hdfs  supergroup          0 2017-10-23 09:17 /var
[cloudera@quickstart ~]$ 
3.1.4. Создать в HDFS в директории /user/mgpu поддиректорию ваше_фио.
[cloudera@quickstart ~]$ hdfs dfs -mkdir /user/mgpu
[cloudera@quickstart ~]$ hdfs dfs -mkdir /user/mgpu/petrov
3.1.5. Создать в локальной файловой системе случайный текстовый файл размером 10 Mb с именем, образованным вашими инициалами base64 /dev/urandom | head -c 10000000 > file.txt .
[cloudera@quickstart ~]$ base64 /dev/urandom | head -c 10000000 > petrov.txt
3.1.6. Заархивировать созданный текстовый файл gzip -c file.txt > file.gz .
gzip -c petrov.txt > petrov.gz
3.1.7. Скопировать текстовый файл и архив в директорию /user/mgpu/fio HDFS виртуальной машины.
[cloudera@quickstart ~]$ hdfs dfs -copyFromLocal petrov.txt /user/mgpu/petrov
[cloudera@quickstart ~]$ hdfs dfs -copyFromLocal petrov.gz /user/mgpu/petrov
3.1.8. Просмотреть файл и архив с помощью утилит cat, text в комбинации с каналами и утилитами head, tail -- привести не менее 3 вариантов команд и просмотра файла.
[cloudera@quickstart ~]$ cat petrov.txt

YZ3YIvcFDfVchP/Oh574MCP/7c7Jil5ymyROQiT54Ec3JZPQMAdfBXB2T46O7UjOi2zot/vgcHdY
tlh+GG1+Qr2+Wc6b8RFes22Mvhznph8gNo7yTSPPYXemYI2ypdkJvyin6lLQY4eERCViBa+bWjUX
l/jPx/ooqJmoHltrcG3w+7ztrFlZOmu03ThNAdYMhf/HqMmi+pW/r34AXJ2bYb7CBFn80XmXMJUr
V5wVwlgd8KEDpTBZn8Y4ZbBZ6/MT6mUdw9EaUm/UOJkVqF+HHar/GfaXNnuYhLOwxNeil0qI7jJo
thEkMdfEtmxysarFV0rkswHngGXCFr5iOdB/odufl+7xTmkUxbew/Lp9Lu2V8LtJMkstqgy/QaUl
1Y6n52GLqFD/RSad7QIFOtbt3oyiAGIgxOYYSLB+L3HcQiF11z4JxRmMexKFTVGYALRZOzO2j7Zc
QLDTTAiTNpOlyZQIKEYpLZ8NHZCqXA2+LghUPHaHExGOFRLVH6BM5BS4BxFn8NK7Veddk5jbPf8l
SgdSG0baP/iAKEO0PlX5lDP+TBTQtIRmHI85q+y1bwLKuTVIfLDUhmwyq8t5mLwTjIzsUSYCZFk8
dtOu87TNkRj9BJii3YBiKvasNKvGC0zRIzaOJQTLarrwjUd9GAvvS97qLQ3Av+0AujZ3vA3ZOmsl
P/vYPGqxJXRdrkeCPv4I/amFtSCAMA6rnGEBmuLTbkN7D5GesMuNE3LGAfB6XOn61EEZoeNp0MlU
cxCss/s6pCW90HaB7IDALo/PLLit2FCoTjA3nzIkY7BtkDfbR0GmOmEwL270fRAYF6rSPU/v0Z/0
WgO9P7H4/lCbk6Lk49WPSf60TcC5YhzCHCkFDnLhyX5alWc8mDHDe7LJk+r7vDXgUyHALJt3SSOc
6l+EacWn/uionN4+nCB5b7MF0unGEU1Uj7TGKV4UieY97VqjTM8RIdu0ASDZTg1Ik4Z+fPDaX9Q/
issVAsdTI5+O6ctvgbPQ56sk1BEQCAj3vjVJWwYbW07+NamhKncdr4PiOiACGKjKt1Sju4XYiD/S
lwqbC61WlTct1UZBqCyguo99nptfXN5zXmwAeuEMsKBK3je/QIPUqZIxIY7YKLblpN/roo0oVQwY
aSxSzCjsndiqCgiee61E1L+ZzTFB54DjxZYvyE3jWJiFszCvz8GuO6F/z/VeBiFvu56J2649UYOj
fa9Ucdj9uldwaHUAPees8IYnL+SzIw6zn2qiPEFE9pLuhsnbGs6A3/ATwJTnw9FKtaC9gqi19rXT
yAqEQf5OWJyKtl6o88gGgCR923+muludRRVCZCiCUgAsy4OjpPMdBXNPg5SyY3v6E2eiH4pO+fnv
boaemrOUXXdHYaucl+byqjXQerpS5h0DnOZUx6r2sy3u56YobFfM/CY8XRZwd/orPiuUH3S1EFLK
iM5jfel8oo0We3dVrp8fplsRVDEQjJvDt9q0igUa9/keF/EXSfKvKTH94NQRed9rMEtTIyFA/Jaa
CwSE46YfrjfJeKprQpoNxQS/Mzym6whEDxlFhmbEuGAMfnwKf0o7bZq3p/m9T9WuU8mE5I/PyuXG
E5VJZb0CNXCCD4mp+if0xqxtgEEk3mj/RK4lzQ7cOuHaf5PcTdr5FifpxpOhO+wuCNSJmuLvPf3z
m8iCNXRyjTlw3VbeeFeUqTWK7f21nwyAjG1lWqjKv/GiC+9nNkdEcsjyiM8rfWFr7VP8dG8cd/85
88D9blo+QA[cloudera@quickstart ~]$ 

[cloudera@quickstart ~]$ cat -n petrov.txt


SSOc
129860	6l+EacWn/uionN4+nCB5b7MF0unGEU1Uj7TGKV4UieY97VqjTM8RIdu0ASDZTg1Ik4Z+fPDaX9Q/
129861	issVAsdTI5+O6ctvgbPQ56sk1BEQCAj3vjVJWwYbW07+NamhKncdr4PiOiACGKjKt1Sju4XYiD/S
129862	lwqbC61WlTct1UZBqCyguo99nptfXN5zXmwAeuEMsKBK3je/QIPUqZIxIY7YKLblpN/roo0oVQwY
129863	aSxSzCjsndiqCgiee61E1L+ZzTFB54DjxZYvyE3jWJiFszCvz8GuO6F/z/VeBiFvu56J2649UYOj
129864	fa9Ucdj9uldwaHUAPees8IYnL+SzIw6zn2qiPEFE9pLuhsnbGs6A3/ATwJTnw9FKtaC9gqi19rXT
129865	yAqEQf5OWJyKtl6o88gGgCR923+muludRRVCZCiCUgAsy4OjpPMdBXNPg5SyY3v6E2eiH4pO+fnv
129866	boaemrOUXXdHYaucl+byqjXQerpS5h0DnOZUx6r2sy3u56YobFfM/CY8XRZwd/orPiuUH3S1EFLK
129867	iM5jfel8oo0We3dVrp8fplsRVDEQjJvDt9q0igUa9/keF/EXSfKvKTH94NQRed9rMEtTIyFA/Jaa
129868	CwSE46YfrjfJeKprQpoNxQS/Mzym6whEDxlFhmbEuGAMfnwKf0o7bZq3p/m9T9WuU8mE5I/PyuXG
129869	E5VJZb0CNXCCD4mp+if0xqxtgEEk3mj/RK4lzQ7cOuHaf5PcTdr5FifpxpOhO+wuCNSJmuLvPf3z
129870	m8iCNXRyjTlw3VbeeFeUqTWK7f21nwyAjG1lWqjKv/GiC+9nNkdEcsjyiM8rfWFr7VP8dG8cd/85
129871	88D9blo+QA

[cloudera@quickstart ~]$ cat -b petrov.txt

SSOc
129860	6l+EacWn/uionN4+nCB5b7MF0unGEU1Uj7TGKV4UieY97VqjTM8RIdu0ASDZTg1Ik4Z+fPDaX9Q/
129861	issVAsdTI5+O6ctvgbPQ56sk1BEQCAj3vjVJWwYbW07+NamhKncdr4PiOiACGKjKt1Sju4XYiD/S
129862	lwqbC61WlTct1UZBqCyguo99nptfXN5zXmwAeuEMsKBK3je/QIPUqZIxIY7YKLblpN/roo0oVQwY
129863	aSxSzCjsndiqCgiee61E1L+ZzTFB54DjxZYvyE3jWJiFszCvz8GuO6F/z/VeBiFvu56J2649UYOj
129864	fa9Ucdj9uldwaHUAPees8IYnL+SzIw6zn2qiPEFE9pLuhsnbGs6A3/ATwJTnw9FKtaC9gqi19rXT
129865	yAqEQf5OWJyKtl6o88gGgCR923+muludRRVCZCiCUgAsy4OjpPMdBXNPg5SyY3v6E2eiH4pO+fnv
129866	boaemrOUXXdHYaucl+byqjXQerpS5h0DnOZUx6r2sy3u56YobFfM/CY8XRZwd/orPiuUH3S1EFLK
129867	iM5jfel8oo0We3dVrp8fplsRVDEQjJvDt9q0igUa9/keF/EXSfKvKTH94NQRed9rMEtTIyFA/Jaa
129868	CwSE46YfrjfJeKprQpoNxQS/Mzym6whEDxlFhmbEuGAMfnwKf0o7bZq3p/m9T9WuU8mE5I/PyuXG
129869	E5VJZb0CNXCCD4mp+if0xqxtgEEk3mj/RK4lzQ7cOuHaf5PcTdr5FifpxpOhO+wuCNSJmuLvPf3z
129870	m8iCNXRyjTlw3VbeeFeUqTWK7f21nwyAjG1lWqjKv/GiC+9nNkdEcsjyiM8rfWFr7VP8dG8cd/85
129871	88D9blo+QA

[cloudera@quickstart ~]$ head  petrov.txt
wVbg6ApIr1ZywXgPllzhseWmZguXP/WURGuJfgCO+Yy+kbskucJtZ2JFQZbuQuLHiu+JNLm/YmY8
xgpj9AcZFVtFNb4LIgmRFWeqRdVcVKWaNXvwDY9nQk3CZfQkJQ8UcYYy7n840yjvQK13BOkyPGp1
bgsyGnpETivbLPkrt6vCDuLLdhF0moU90id21YGzhDJKSH2Jm8YAnmk2btOWO1zdEjZyeEj+Xbws
FbTlv4SPiknV0EEP0Mq3TeoXXwYlz7K5qVT6uLQiB6mwogPfIfoz2ICiR7tQ8kUblq70qbDEoByx
V9GqT+q0wLx9Sxffu4O5r92pzZPk52HTwLvgaDHez2e6qKbziVeRrWguSdG2rntM2VAK4gBfpPul
Sk3j9nOw96eGnY+uxgD978LVPJh3HTKZrvx/xZG1gYfnERxIi6pIizjT1NvB8qs6kRYaqSsyzHnK
tdfyb2FB97yTcM2F83gRRNIPoB/7tNSUVYEYMl8HdS1tShh3BzOuU1aVfi7aWWdTKFWM+AP15OLP
K3rEkXPOH4I9V6bDcdYSwdNKwnHnZCVrc7iT3tqK/GDcSR5rl4cPwV13KU4iyWAqdUGgX/luV49t
bXq4Byz7f2BTBSpx+9G6hk4teM9RuTEydPPEh3zeNXyYK9cNjjRbdYGUZVbtDiSZ7gCp0U7sO19q
4468Id+JC30mrZgoxeRJKhYJe7lfR+AmrnVdS8J3zihRxtpQ9+HcrpnGotd67U4qK9tkuqdjV/va
[cloudera@quickstart ~]$ head -c 7 petrov.txt
wVbg6Ap[cloudera@quickstart ~]$ head -n 7 petrov.txt
wVbg6ApIr1ZywXgPllzhseWmZguXP/WURGuJfgCO+Yy+kbskucJtZ2JFQZbuQuLHiu+JNLm/YmY8
xgpj9AcZFVtFNb4LIgmRFWeqRdVcVKWaNXvwDY9nQk3CZfQkJQ8UcYYy7n840yjvQK13BOkyPGp1
bgsyGnpETivbLPkrt6vCDuLLdhF0moU90id21YGzhDJKSH2Jm8YAnmk2btOWO1zdEjZyeEj+Xbws
FbTlv4SPiknV0EEP0Mq3TeoXXwYlz7K5qVT6uLQiB6mwogPfIfoz2ICiR7tQ8kUblq70qbDEoByx
V9GqT+q0wLx9Sxffu4O5r92pzZPk52HTwLvgaDHez2e6qKbziVeRrWguSdG2rntM2VAK4gBfpPul
Sk3j9nOw96eGnY+uxgD978LVPJh3HTKZrvx/xZG1gYfnERxIi6pIizjT1NvB8qs6kRYaqSsyzHnK
tdfyb2FB97yTcM2F83gRRNIPoB/7tNSUVYEYMl8HdS1tShh3BzOuU1aVfi7aWWdTKFWM+AP15OLP

[cloudera@quickstart ~]$ tail petrov.txt
lwqbC61WlTct1UZBqCyguo99nptfXN5zXmwAeuEMsKBK3je/QIPUqZIxIY7YKLblpN/roo0oVQwY
aSxSzCjsndiqCgiee61E1L+ZzTFB54DjxZYvyE3jWJiFszCvz8GuO6F/z/VeBiFvu56J2649UYOj
fa9Ucdj9uldwaHUAPees8IYnL+SzIw6zn2qiPEFE9pLuhsnbGs6A3/ATwJTnw9FKtaC9gqi19rXT
yAqEQf5OWJyKtl6o88gGgCR923+muludRRVCZCiCUgAsy4OjpPMdBXNPg5SyY3v6E2eiH4pO+fnv
boaemrOUXXdHYaucl+byqjXQerpS5h0DnOZUx6r2sy3u56YobFfM/CY8XRZwd/orPiuUH3S1EFLK
iM5jfel8oo0We3dVrp8fplsRVDEQjJvDt9q0igUa9/keF/EXSfKvKTH94NQRed9rMEtTIyFA/Jaa
CwSE46YfrjfJeKprQpoNxQS/Mzym6whEDxlFhmbEuGAMfnwKf0o7bZq3p/m9T9WuU8mE5I/PyuXG
E5VJZb0CNXCCD4mp+if0xqxtgEEk3mj/RK4lzQ7cOuHaf5PcTdr5FifpxpOhO+wuCNSJmuLvPf3z
m8iCNXRyjTlw3VbeeFeUqTWK7f21nwyAjG1lWqjKv/GiC+9nNkdEcsjyiM8rfWFr7VP8dG8cd/85
88D9blo+QA[cloudera@quickstart ~]$ 
[cloudera@quickstart ~]$ tail -c 7 petrov.txt
9blo+QA[cloudera@quickstart ~]$ 
[cloudera@quickstart ~]$ tail -n 7 petrov.txt
yAqEQf5OWJyKtl6o88gGgCR923+muludRRVCZCiCUgAsy4OjpPMdBXNPg5SyY3v6E2eiH4pO+fnv
boaemrOUXXdHYaucl+byqjXQerpS5h0DnOZUx6r2sy3u56YobFfM/CY8XRZwd/orPiuUH3S1EFLK
iM5jfel8oo0We3dVrp8fplsRVDEQjJvDt9q0igUa9/keF/EXSfKvKTH94NQRed9rMEtTIyFA/Jaa
CwSE46YfrjfJeKprQpoNxQS/Mzym6whEDxlFhmbEuGAMfnwKf0o7bZq3p/m9T9WuU8mE5I/PyuXG
E5VJZb0CNXCCD4mp+if0xqxtgEEk3mj/RK4lzQ7cOuHaf5PcTdr5FifpxpOhO+wuCNSJmuLvPf3z
m8iCNXRyjTlw3VbeeFeUqTWK7f21nwyAjG1lWqjKv/GiC+9nNkdEcsjyiM8rfWFr7VP8dG8cd/85
88D9blo+QA[cloudera@quickstart ~]$ 
[cloudera@quickstart ~]$ 

3.1.9. Создать копию файла file.txt вида date_file.txt, где в начале имени файла-копии указана текущая дата. Вывести листинг.

[cloudera@quickstart ~]$ cp petrov.txt 27.03.2024_petrov.txt
[cloudera@quickstart ~]$ ls
27.03.2024_petrov.txt  Desktop    eclipse                     kerberos      lib      Pictures   Videos
cloudera-manager         Documents  enterprise-deployment.json  petrov.gz   Music    Public     workspace
cm_api.py                Downloads  express-deployment.json     petrov.txt  parcels  Templates

[cloudera@quickstart ~]$ hdfs dfs -cp /user/mgpu/petrov/petrov.txt /user/mgpu/petrov/27.03.2024_petrov.txt
[cloudera@quickstart ~]$ hdfs dfs -ls /user/mgpu/petrov/
Found 3 items
-rw-r--r--   1 cloudera supergroup   10000000 2024-03-26 14:57 /user/mgpu/petrov/27.03.2024_petrov.txt
-rw-r--r--   1 cloudera supergroup    7599427 2024-03-26 14:12 /user/mgpu/petrov/petrov.gz
-rw-r--r--   1 cloudera supergroup   10000000 2024-03-26 14:11 /user/mgpu/petrov/petrov.txt

3.1.10. Вывести статистику по директории /user/mgpu/fio виртуальной машины.
[cloudera@quickstart ~]$ hdfs dfs -ls /user/mgpu/petrov
Found 5 items
-rw-r--r--   1 cloudera supergroup   10000000 2024-03-26 14:57 /user/mgpu/petrov/27.03.2024_petrov.txt
-rw-r--r--   1 cloudera supergroup  135000000 2024-03-26 15:17 /user/mgpu/petrov/3.1.12__petrov_SV.txt
-rw-r--r--   1 cloudera supergroup    7599427 2024-03-26 14:12 /user/mgpu/petrov/petrov.gz
-rw-r--r--   1 cloudera supergroup   10000000 2024-03-26 14:11 /user/mgpu/petrov/petrov.txt
drwxr-xr-x   - cloudera supergroup          0 2024-03-26 15:28 /user/mgpu/petrov/output
3.1.11. Удалить поддиректорию /fio со всем содержимым.
[cloudera@quickstart ~]$ hdfs dfs -rm -R /user/mgpu/petrov
Deleted /user/mgpu/petrov

3.1.12. Подсчитать количество слов в файле внутри HDFS с помощью методологии Map Reduce (размер файла не менее 128 Мб).
[cloudera@quickstart ~]$ base64 /dev/urandom | head -c 135000000 > 3.1.12__petrov_SV.txt
[cloudera@quickstart ~]$ hdfs dfs -copyFromLocal 3.1.12__petrov_SV.txt /user/mgpu/petrov
[cloudera@quickstart ~]$ yarn jar /usr/lib/hadoop-mapreduce/hadoop-mapreduce-examples.jar wordcount /user/mgpu/petrov/3.1.12__petrov_SV.txt /user/mgpu/petrov/output
24/03/26 15:26:59 INFO client.RMProxy: Connecting to ResourceManager at /0.0.0.0:8032
24/03/26 15:27:03 INFO input.FileInputFormat: Total input paths to process : 1
24/03/26 15:27:04 INFO mapreduce.JobSubmitter: number of splits:1
24/03/26 15:27:05 INFO mapreduce.JobSubmitter: Submitting tokens for job: job_1711484710610_0001
24/03/26 15:27:07 INFO impl.YarnClientImpl: Submitted application application_1711484710610_0001
24/03/26 15:27:08 INFO mapreduce.Job: The url to track the job: http://quickstart.cloudera:8088/proxy/application_1711484710610_0001/
24/03/26 15:27:08 INFO mapreduce.Job: Running job: job_1711484710610_0001
24/03/26 15:27:44 INFO mapreduce.Job: Job job_1711484710610_0001 running in uber mode : false
24/03/26 15:27:44 INFO mapreduce.Job:  map 0% reduce 0%
24/03/26 15:28:10 INFO mapreduce.Job:  map 41% reduce 0%
24/03/26 15:28:16 INFO mapreduce.Job:  map 67% reduce 0%
24/03/26 15:28:23 INFO mapreduce.Job:  map 87% reduce 0%
24/03/26 15:28:25 INFO mapreduce.Job:  map 100% reduce 0%
24/03/26 15:28:40 INFO mapreduce.Job:  map 100% reduce 100%
24/03/26 15:28:40 INFO mapreduce.Job: Job job_1711484710610_0001 completed successfully
24/03/26 15:28:40 INFO mapreduce.Job: Counters: 49
	File System Counters
		FILE: Number of bytes read=291038990
		FILE: Number of bytes written=436845764
		FILE: Number of read operations=0
		FILE: Number of large read operations=0
		FILE: Number of write operations=0
		HDFS: Number of bytes read=135000139
		HDFS: Number of bytes written=138506495
		HDFS: Number of read operations=6
		HDFS: Number of large read operations=0
		HDFS: Number of write operations=2
	Job Counters 
		Launched map tasks=1
		Launched reduce tasks=1
		Data-local map tasks=1
		Total time spent by all maps in occupied slots (ms)=37809
		Total time spent by all reduces in occupied slots (ms)=12389
		Total time spent by all map tasks (ms)=37809
		Total time spent by all reduce tasks (ms)=12389
		Total vcore-milliseconds taken by all map tasks=37809
		Total vcore-milliseconds taken by all reduce tasks=12389
		Total megabyte-milliseconds taken by all map tasks=38716416
		Total megabyte-milliseconds taken by all reduce tasks=12686336
	Map-Reduce Framework
		Map input records=1753247
		Map output records=1753247
		Map output bytes=142012989
		Map output materialized bytes=145519489
		Input split bytes=139
		Combine input records=3506494
		Combine output records=3506494
		Reduce input groups=1753247
		Reduce shuffle bytes=145519489
		Reduce input records=1753247
		Reduce output records=1753247
		Spilled Records=5259741
		Shuffled Maps =1
		Failed Shuffles=0
		Merged Map outputs=1
		GC time elapsed (ms)=1285
		CPU time spent (ms)=24740
		Physical memory (bytes) snapshot=737312768
		Virtual memory (bytes) snapshot=3148472320
		Total committed heap usage (bytes)=608174080
	Shuffle Errors
		BAD_ID=0
		CONNECTION=0
		IO_ERROR=0
		WRONG_LENGTH=0
		WRONG_MAP=0
		WRONG_REDUCE=0
	File Input Format Counters 
		Bytes Read=135000000
	File Output Format Counters 
		Bytes Written=138506495


3.2. Создание таблицы в Hive

Скачать датасет или тут

	[cloudera@quickstart ~]$ wget https://github.com/BosenkoTM/cloudera-quickstart/blob/main/data/athlete.snappy.parquet
	--2024-03-27 12:51:44--  https://github.com/BosenkoTM/cloudera-quickstart/blob/main/data/athlete.snappy.parquet
	Resolving github.com... 140.82.121.4
	Connecting to github.com|140.82.121.4|:443... connected.
	HTTP request sent, awaiting response... 200 OK
	Length: unspecified [text/html]
	Saving to: “athlete.snappy.parquet”

	    [ <=>                                      ] 272,193     1.52M/s   in 0.2s    

	2024-03-27 12:51:45 (1.52 MB/s) - “athlete.snappy.parquet” saved [272193]

	[cloudera@quickstart ~]$ ls
	27.03.2024_petrov.txt  Documents                   petrov      Pictures
	3.1.12__petrov_SV.txt  Downloads                   petrov.gz   Public
	athlete.snappy.parquet   eclipse                     petrov.txt  Templates
	cloudera-manager         enterprise-deployment.json  lib           Videos
	cm_api.py                express-deployment.json     Music         workspace
	Desktop                  kerberos                    parcels


Через HUE загрузите файл в папку /user/cloudera/athlete. +
В навигационном меню выберите Files. +
Создайте папку. +
Загрузите файл в HDFS, нажав Upload. +
Перейдите в “Editor > Hive” и выполните запрос: +
CREATE EXTERNAL TABLE athlete (
    ID INT,
    Name STRING,
    Sex STRING,
    Age INT,
    Height INT,
    Weight INT,
    Team STRING,
    NOC STRING,
    Games STRING,
    `Year` INT,
    Season STRING,
    City STRING,
    Sport STRING,
    Event STRING,
    Medal STRING 
)
STORED AS PARQUET
LOCATION '/user/cloudera/athlete' + 

3.3 Проанализировать и визуализировать данные с помощью Impala(высокоскоростной механизм запросов SQL) или Hive.

Загрузить и разархивировать babs_open_data_year_1.zip.

[cloudera@quickstart ~]$ unzip babs_open_data_year_1.zip 
Archive:  babs_open_data_year_1.zip
   creating: 201402_babs_open_data/
  inflating: 201402_babs_open_data/201402_station_data.csv  
  inflating: 201402_babs_open_data/201402_status_data.csv  
  inflating: 201402_babs_open_data/201402_trip_data.csv  
  inflating: 201402_babs_open_data/201402_weather_data.csv  
  inflating: 201402_babs_open_data/README.txt  
   creating: 201408_babs_open_data/
  inflating: 201408_babs_open_data/201408_station_data.csv  
  inflating: 201408_babs_open_data/201408_status_data.csv  
  inflating: 201408_babs_open_data/201408_trip_data.csv  
  inflating: 201408_babs_open_data/201408_weather_data.csv  
  inflating: 201408_babs_open_data/README.txt 

Перенести данные 201402_trip_data.csv в HDFS. + 
Создать таблицу в Hive с привязкой к внешним данным 201402_trip_data.csv.+
CREATE EXTERNAL TABLE 201402_trip_data (  
TripID INT,  
Duration INT,  
StartDate STRING,  
startstation STRING,  
StartTerminal INT,  
EndDate STRING,  
endstation STRING,  
EndTerminal INT,  
Bike INT,  
SubscriptionType STRING,  
ZipCode STRING  
)  
ROW FORMAT DELIMITED
FIELDS TERMINATED BY ','
LOCATION '/user/cloudera/trip_data' 

выполнить запрос +
select `startstation`, `endstation`, count(*) as trips 
from `default`.`201402_trip_data` 
group by `startstation`, `endstation` 
order by trips desc;
Создать гистограмму, щелкнув значок «Hue Bar»:+
Установить ось X в качестве начальной станции, а ось Y — в качестве маршрута. Установить лимит 10.+
Выгрузить результаты, выбрав CSV или Excel. +




